_ZN4sead22BufferedSafeStringBaseIcE6formatEPKcz = 0x2a0f1e4;
_ZdlPvm = 0x029F1748;
_ZdlPv = 0x29f1748;
_Znwm = 0x29F1594;

__deleted_virtual_called = 0x2afa5e8;

_ZN9ActorBaseC2ERK16ActorCreateParam = 0x2002ce0;

_ZN9ActorBase9sTypeInfoE = 0x101E9CC8;
_ZN9ActorBaseD1Ev = 0x2002e680;
_ZN4sead14SafeStringBaseIcE9cNullCharE = 0x10000044;
_ZN15ActorCreateInfo8cDefaultE = 0x100018F4;
_ZN9ActorBase10preCreate_Ev = 0x2002f7c;
_ZN9ActorBase11postCreate_ENS_9MainStateE = 0x2002f00;
_ZN9ActorBase11preExecute_Ev = 0x2002f04;
_ZN9ActorBase8execute_Ev = 0x2002f8c;
_ZN9ActorBase12postExecute_ENS_9MainStateE = 0x2002f34;
_ZN9ActorBase12finalUpdate_Ev = 0x2002f94;
_ZN9ActorBase8preDraw_Ev = 0x2002f98;
_ZN9ActorBase5draw_Ev = 0x2002fa0;
_ZN9ActorBase9postDraw_ENS_9MainStateE = 0x2002f38;
_ZN9ActorBase10preDelete_Ev = 0x2002fa8;
_ZN9ActorBase9doDelete_Ev = 0x2002fb0;
_ZN9ActorBase11postDelete_ENS_9MainStateE = 0x2002f3c;
_ZNK9ActorBase27checkDerivedRuntimeTypeInfoEPKN4sead15RuntimeTypeInfo9InterfaceE = 0x2002f40;
_ZNK9ActorBase18getRuntimeTypeInfoEv = __deleted_virtual_called;
_ZN5ActorC2ERK16ActorCreateParam = 0x2000ac8;
_ZN5Actor9sTypeInfoE = 0x101e9cc0;
_ZN5ActorD1Ev = 0x02000f18;
_ZnwmPN4sead4HeapEi = 0x029f1858;
_ZN4sead14MathCalcCommonIfE10cSinCosTblE = 0x10191538;
_ZN16ModelResourceMgr9sInstanceE = 0x101d2d50;
_ZNK16ModelResourceMgr11getResourceERKN4sead14SafeStringBaseIcEE = 0x024F60EC;
_ZN5Model9createG3dERK13ModelResourceRKN4sead14SafeStringBaseIcEEiiiiiNS_12BoundingModeEPNS3_4HeapE = 0x024ee440;
_ZN9AnimModelC1EP5Modeljjjjj = 0x24d4798;
_ZN9AnimModel4initEP13ModelResourcePKN4sead8PtrArrayIS0_EEPNS2_4HeapE = 0x24d49a0;
_ZN9AnimModel7calcMdlEv = 0x24d4e84;
_ZN8Renderer9sInstanceE = 0x101d2d88;
_ZN8Renderer9drawModelEPK9AnimModel = 0x024FAC98;
_ZN5Actor11postCreate_EN9ActorBase9MainStateE = 0x2000fb8;
_ZN5Actor11preExecute_Ev = 0x2000fe8;
_ZN5Actor12postExecute_EN9ActorBase9MainStateE = 0x20010bc;
_ZN5Actor8preDraw_Ev = 0x20011a0;
_ZN5Actor20removeCollisionCheckEv = 0x20002cc;
_ZN5Actor20reviveCollisionCheckEv = 0x2000328;
_ZN5Actor19allEnemyDeathEffSetEv = 0x2002ad8;
_ZN5Actor17waterSplashEffectERKN4sead7Vector3IfEE = 0x2002adc;
_ZN5Actor17yoganSplashEffectERKN4sead7Vector3IfEE = 0x2002ae0;
_ZN5Actor21yoganWaveSplashEffectERKN4sead7Vector3IfEE = 0x2000960;
_ZN5Actor18poisonSplashEffectERKN4sead7Vector3IfEE = 0x2002ae4;
_ZN5Actor14drawCullCheck_Ev = 0x2001254;
